Autopilot is the unattended Plan execution mode. There is no per-repo switch:
start a run explicitly with `warden plan run <plan-id> --mode autopilot` and
control it with `warden plan pause|resume|stop`. This namespace shows status
(`status`), scaffolds adoption (`init`) and lands worker branches (`land`).
Configure the feature under the `autopilot` block in the config file.

Usage:
  warden autopilot [flags]

Commands:
  status               Show autopilot status (every run)
  init                 Scaffold the plan file and integration branch for autopilot
  land                 Land an autopilot worker branch into the integration branch

Flags:
  -h, --help   help for autopilot

Inherited flags:
      --addr string     daemon address (overrides the addr config setting)
      --config string   config file path (default ~/.warden/config.yaml)
