Run the warden hub (HTTP API + poller; the single writer to the file store)

Usage:
  warden daemon [flags]

Commands:
  mcp                  Run the MCP stdio server so an orchestrator Claude can manage agents
  token                Manage the daemon's remote-access bearer token

Flags:
  -h, --help                help for daemon
      --log-format string   log output format: text | json (overrides log.format config)
      --log-level string    log verbosity: debug | info | warn | error (overrides log.level config)

Inherited flags:
      --addr string     daemon address (overrides the addr config setting)
      --config string   config file path (default ~/.warden/config.yaml)
