Create, inspect, communicate with, and manage agents.

Wherever a command takes <AGENT>, it is the agent's name, id or ticket as shown
by 'warden ls'.

Teardown: 'stop' is the full teardown (terminate the session, clear the record,
remove the worktree and branch) and takes --keep-worktree, --keep-record, --hard
and --pr to keep parts. 'terminate' only kills the session, keeping the record
and worktree. The narrower 'done', 'delete' and 'remove-worktree' verbs still work
but are hidden; see 'warden help agent stop'.

Usage:
  warden agent [flags]

Commands:
  list                 List all active agent sessions
  start                Spawn an agent — `start --role <ROLE> "<prompt>"` (free-form), `start --role <ROLE> --dir <path>` (interactive), or `start --role worker --repo <PATH>` (managed worktree)
  status               Show full status for one session
  digest               Summarize what an agent accomplished (files, branch, turns, narrative)
  fork                 Fork an agent's session into a new managed agent (branches the conversation; the source keeps running)
  restore              Recreate and resume a lost/orphaned agent (resumes its AI CLI session)
  recover              Revive archived orphaned agent records whose tmux session is still alive (dry run unless --apply)
  adopt                Register the AI CLI session in this directory (resume it under tmux, or register the current tmux session live)
  attach               Attach to the agent's tmux session
  stop                 Tear down an agent (default: terminate + clear record + remove worktree; --keep-* flags keep parts)
  terminate            Stop an agent: kill its tmux+AI CLI session (keeps the record and worktree)
  send                 Type a message into an agent's AI CLI session and press Enter
  tail                 Print the recent output of an agent's AI CLI session
  handoff              Hand off work: delegate to a new/existing agent (--to), or retire self into a successor (--retire)
  rotate               Retire this agent and hand its work to a fresh successor in the same workspace (alias for `warden agent handoff --retire`)
  switch               Hot-swap an agent session to a different AI CLI, model, or tier mid-task
  set                  Change one per-agent setting (permission-mode, compact, role, auto-approve)
  get                  Show one or all per-agent settings (permission-mode, compact, role, auto-approve)
  role                 Inspect warden's built-in agent roles and tier mappings

Flags:
  -h, --help   help for agent

Inherited flags:
      --addr string     daemon address (overrides the addr config setting)
      --config string   config file path (default ~/.warden/config.yaml)
