Stop an agent: the default, full teardown.

<AGENT> is any identifier `wd ls` shows — the agent's name, its id, or its
ticket.

By default `wd agent stop <AGENT>` terminates the tmux+AI CLI session, clears
(archives) the record, and removes the git worktree + branch (asking for
confirmation first, unless --yes). Keep parts around with:

  --keep-worktree   leave the git worktree and branch in place
  --keep-record     leave the stored record in place
  --hard            purge the record instead of archiving it
  --pr              open a GitHub PR first, while the agent is still intact

Safe ordering is always: PR -> terminate -> remove worktree -> clear record, so
a failed push leaves the agent running and a failed worktree guard (alive /
dirty / unpushed) leaves the record intact and the call retryable. A failure
reports which steps already ran.

To only kill the session and keep everything else, use
`wd agent terminate <AGENT>` (same as stop --keep-record --keep-worktree).

Older verbs (hidden, still work; not all are expressible as stop flags):

  wd agent done <A> [--hard|--pr]  terminate + clear record, worktree kept
                                   (stop --keep-worktree [--hard|--pr])
  wd agent delete <A> [--hard]     clear the record ONLY; does not terminate
                                   (no stop equivalent)
  wd agent remove-worktree <A>     remove the worktree + branch ONLY; does not
                                   terminate (no stop equivalent)

Usage:
  warden agent stop <AGENT> [flags]

Flags:
      --base string             base branch for the PR (default main); only meaningful with --pr
      --delete-adopted-branch   also delete the branch even if warden did not create it (adopted branches are kept by default)
      --force                   override the alive/uncommitted/unpushed worktree guards
      --hard                    purge the record instead of archiving
  -h, --help                    help for stop
      --json                    emit the teardown result (id, steps that ran) as JSON; never prompts — remove-worktree needs --yes
      --keep-record             do not clear the stored record
      --keep-worktree           do not remove the git worktree and branch
      --pr                      open a GitHub PR for the agent's branch (pushes first; title+body from the digest) before tearing down
      --yes                     skip the worktree-removal confirmation prompt

Inherited flags:
      --addr string     daemon address (overrides the addr config setting)
      --config string   config file path (default ~/.warden/config.yaml)
