List live Autopilot executors. Lifecycle control (start/pause/resume/stop)
moved to `warden plan run` / `warden plan pause|resume|stop`. Repository
enablement remains `autopilot enable` / `autopilot disable`.

Usage:
  warden autopilot run [flags]

Commands:
  list                 List all registered autopilot runs

Flags:
  -h, --help   help for run

Inherited flags:
      --addr string     daemon address (overrides the addr config setting)
      --config string   config file path (default ~/.warden/config.yaml)
