Change the prompt and/or handoff hint of a job before it starts. A job that
has already started cannot be edited.

Examples:
  wd pipeline job edit my-run build --prompt "build with -race"
  wd pipeline job edit my-run build --handoff "report the test count"

Usage:
  warden pipeline job edit <pipeline> <job> [flags]

Flags:
      --handoff string   new handoff hint for the job
  -h, --help             help for edit
      --prompt string    new prompt for the job

Inherited flags:
      --addr string     daemon address (overrides the addr config setting)
      --config string   config file path (default ~/.warden/config.yaml)
