Define and run a DAG of dependent agent jobs.

Typical journey:
  1. Write a YAML spec, or pick a starter with `wd pipeline template list`
  2. `wd pipeline validate <spec.yaml>` — check the DAG locally (no daemon)
  3. `wd pipeline create <spec.yaml>` — register it (or add --start to begin immediately)
  4. `wd pipeline start <id>` — spawn jobs that have no dependencies
  5. `wd pipeline show <id> --watch` — follow progress until it finishes
  6. On failure, `wd pipeline job retry <id> <job>` to re-run a failed job

pause stops new jobs from spawning while in-flight agents finish (undo with resume).
cancel terminates running job agents and cannot be undone — create a new pipeline to run again.
delete removes the pipeline record after jobs are settled (cancel first if any are live).

Examples:
  wd pipeline template list
  wd pipeline validate review.yaml
  wd pipeline create review.yaml --start
  wd pipeline show my-run --watch

Usage:
  warden pipeline [flags]

Commands:
  validate             Validate a pipeline YAML spec without creating it
  create               Create a pipeline from a YAML spec or a built-in template
  template             Built-in pipeline templates
  list                 List pipelines
  show                 Show a pipeline's jobs and their status
  start                Start a pipeline (spawns jobs with no dependencies)
  pause                Pause a running pipeline (in-flight jobs finish; no new jobs spawn)
  resume               Resume a paused pipeline (spawns jobs that became ready while paused)
  cancel               Cancel a pipeline (terminates running jobs)
  delete               Delete a pipeline's record (must not have live jobs — cancel first)
  emit                 Publish this job's handoff (run from inside a pipeline job)
  job                  Inspect, edit and retry one job of a pipeline

Flags:
  -h, --help   help for pipeline

Inherited flags:
      --addr string     daemon address (overrides the addr config setting)
      --config string   config file path (default ~/.warden/config.yaml)
