Autopilot is the unattended Plan execution mode. There is no per-repo switch:
start a run explicitly with `warden plan run <plan-id> --mode autopilot` and
control it with `warden plan pause|resume|stop`. This namespace shows status
(`status`) and lands worker branches (`land`).
The daemon merges worker PRs into the integration branch itself once their
gate is green; `land` is the manual fallback. A run ends with one final PR to
the default branch that you merge.
Configure the feature under the `autopilot` block in the config file.

Usage:
  warden autopilot [flags]

Commands:
  status               Show autopilot status (every run)
  land                 Land an autopilot worker branch into the integration branch

Flags:
  -h, --help   help for autopilot

Inherited flags:
      --addr string     daemon address (overrides the addr config setting)
      --config string   config file path (default ~/.warden/config.yaml)
