Spawn an agent. --role is required (see 'warden agent role list'); there is no
implicit fallback role.

Spawn modes:
  Free-form    warden agent start --role <ROLE> "<prompt>" [--dir <path>]
               Autonomous: runs the prompt in --dir (default: current directory).
  Interactive  warden agent start --role <ROLE> --dir <path>
               No prompt: opens the agent and waits for you.
  Managed      warden agent start --role worker --repo <PATH> [TICKET]
               Isolated git worktree off --repo (worker role + --repo).
  Terminal     warden agent start --kind terminal --dir <path>
               Not an AI agent: a plain shell ($SHELL) in --dir, with the same
               worktree/git/tmux lifecycle. --aicli/--model/--role/prompt are ignored.

Which AI CLI + model runs (first match wins):
  1. --aicli + --model         explicit pin (--model requires --aicli)
  2. --aicli alone             optimal model for that AI CLI at the tier
  3. --tier (or --task)        quota-balanced resolver at that tier
  4. --role alone              resolver routed by the role's tier
  5. configured defaults
So --role on its own is always enough; --tier/--aicli/--model only refine it.

Accepted --aicli values: claude (default), aider, opencode, codex, crush, goose,
cursor, antigravity. Per-AI-CLI behaviour (model, resume, spend fidelity) and
maturity labels: see 'warden backend --help'.

Usage:
  warden agent start --role <ROLE> [TICKET|"<prompt>"] [--repo <PATH>] [--dir <PATH>] [--aicli <ID>] [flags]

Flags:
      --aicli <ID>               AI CLI <ID>: claude (default, stable) | aider | opencode | codex | crush | goose | cursor | antigravity — only claude is fully tested; codex/antigravity are beta, the rest experimental. See 'warden backend --help' for per-AI-CLI notes
      --auto-restart             auto-resume this agent if it crashes (errored), capped at a few attempts
      --branch string            new branch (development) or checkout target (pr-review)
      --dir string               directory to launch the agent from (default: current directory)
      --force                    spawn even when the memory-pressure gate warns
      --fork-from <AGENT>        fork the existing agent <AGENT>'s recorded session into this new managed agent (codex's native fork): branches the source's conversation in a fresh sibling worktree off its branch, carrying its uncommitted tracked changes; the source keeps running. Uses --role worker when the chosen role does not own a worktree; the fork inherits the source's repo+backend. See 'warden agent fork' for the shorthand
  -h, --help                     help for start
      --in-repo                  managed spawns only: opt out of isolation and run in the shared --repo checkout instead of a worktree (ignored for pr-review; overridden when root_guard is on)
      --json                     emit the new agent (id, name, role, ai_cli, model, workdir) as JSON
      --kind string              session kind: empty/agent (default) spawns an AI agent; terminal opens a plain interactive shell ($SHELL) in --dir (not an AI agent — --aicli/--model/--role/prompt ignored)
      --model string             model ID for the chosen AI CLI (requires --aicli). Empty lets the tier resolver pick an explicit model
      --name string              explicit agent name (omit to auto-resolve); max 32 chars, alphanumeric + hyphens/underscores
      --permission-mode string   permission mode: acceptEdits|auto|bypassPermissions|default|dontAsk|plan (default: from config or 'auto')
      --plan string              optional planstore plan id in the same project (plan-<8hex>); empty = planless agent. A non-empty value must name an existing plan belonging to the resolved project
      --pr string                PR number/url (pr-review)
      --preset <NAME>            load saved spawn defaults from the named preset <NAME> (see 'warden project preset'); explicit flags override
      --project <ID>             <ID> of the daemon project this agent joins (its canonical path or remote URL, from 'warden projects list'); stamps membership explicitly instead of leaving the daemon to path-match the launch dir. Empty = the git repository root of the launch directory (the daemon auto-registers it)
      --prompt-template <NAME>   fill the saved prompt template <NAME> (see 'warden project prompt-template') as the spawn prompt; a positional prompt still wins
      --repo string              repo path for a managed spawn: with --role worker, picks an isolated worktree off this repo (the default managed mode; branch it with --branch). Empty = free-form unless --fork-from forces managed (then defaults to cwd)
      --role <ROLE>              REQUIRED — built-in agent role <ROLE>: general | autopilot | brain | orchestrator | planner | worker (legacy aliases implementer/auto-merger/reviewer resolve to worker). Injects the role's persona as a system-prompt addendum and applies its default flags. See 'warden agent role list'
      --set stringArray          supply a prompt-template variable as VAR=value (repeatable, e.g. --set FILE=foo.go --set X=y)
      --tags <LIST>              comma-separated labels <LIST> for grouping/filtering (e.g. --tags backend,urgent); searchable and filterable via 'warden agent list --tag'
      --task string              task name (task registry) used to derive the model tier when --tier is empty. Empty = none
      --tier string              model tier for the quota-balanced resolver that picks the AI CLI+model: tier-1|tier-2|tier-3. Empty derives the tier from --task, then --role (--role is required, so this always has a role to derive from). An explicit --aicli/--model still wins over the resolver
      --worktree                 managed spawns only: use a throwaway scratch worktree instead of a branch worktree (analysis/spike). Neither --worktree nor --in-repo = the normal isolated branch worktree

Inherited flags:
      --addr string     daemon address (overrides the addr config setting)
      --config string   config file path (default ~/.warden/config.yaml)
