Usage:
Run
agent
pipeline
autopilot
schedule
land
Work
worktree
git
snapshot
memory
preset
prompt-template
library
plugin
branches
prune
Coordinate:
context
message
approval
collab
Observe
inspect
backend
usage
config
Operate
daemon
completion
Get
setup
tutorial
doctor
tui
version
Shortcuts:
start
ls
status
send
commit
push
sync
check
