One umbrella over warden's workspace operations:
  • LIST worktrees — the warden-owned worktrees under .worktrees (`wd workspace list`)
  • PRUNE orphaned worktrees (`wd workspace prune`)
  • SNAPSHOT an agent's worktree + transcript (`wd workspace snapshot`)
  • BRANCHES — per-agent CI and branch-vs-main status (`wd workspace branches`)
  • CONFLICTS — files edited by more than one agent (`wd workspace conflicts`)
  • WHO-IS-EDITING — which agents are editing a file (`wd workspace who-is-editing`)

`wd workspace` with no subcommand prints the worktree list (the same view as `wd workspace list`).

Usage:
  warden workspace [flags]

Commands:
  list                 List warden worktrees under .worktrees, joined to active/archived records
  prune                Reclaim orphaned warden worktrees under .worktrees (always asks; --force overrides guards)
  snapshot             Checkpoint an agent's worktree + transcript, list checkpoints, and restore one
  branches             Per-agent CI + branch-vs-main status
  conflicts            List files currently being edited by more than one agent
  who-is-editing       Show which agents are editing a specific file

Flags:
  -h, --help          help for workspace
      --json          output as JSON
      --repo string   repo path (default: current directory)

Inherited flags:
      --addr string     daemon address (overrides the addr config setting)
      --config string   config file path (default ~/.warden/config.yaml)
